org/mule/modules/smb/generated/processors/GetFilesMessageProcessor$1.class
org/mule/modules/smb/generated/adapters/SmbConnectorMetadataAdapter.class
org/mule/modules/smb/generated/config/SmbNamespaceHandler.class
org/mule/modules/smb/generated/config/ReceiverDefinitionParser.class
org/mule/modules/smb/generated/processors/ReadFileMessageProcessor$1.class
org/mule/modules/smb/generated/processors/ReadFileMessageProcessor.class
org/mule/modules/smb/generated/adapters/SmbConnectorCapabilitiesAdapter.class
org/mule/modules/smb/generated/adapters/SmbConnectorProcessAdapter.class
org/mule/modules/smb/generated/processors/CopyFileMessageProcessor$1.class
org/mule/modules/smb/generated/processors/DeleteFileMessageProcessorDebuggable.class
org/mule/modules/smb/generated/sources/ReceiverMessageSource.class
org/mule/modules/smb/generated/adapters/SmbConnectorLifecycleInjectionAdapter.class
org/mule/modules/smb/generated/config/SmbConnectorConnectorConfigConfigDefinitionParser.class
org/mule/modules/smb/generated/processors/CopyFileMessageProcessorDebuggable.class
org/mule/modules/smb/generated/config/MoveFileDefinitionParser.class
org/mule/modules/smb/generated/sources/ReceiverMessageSource$1.class
org/mule/modules/smb/generated/adapters/SmbConnectorConnectorConfigBasicAdapter.class
org/mule/modules/smb/generated/processors/MoveFileMessageProcessor.class
org/mule/modules/smb/config/ConnectorConfig.class
org/mule/modules/smb/generated/adapter/PoolManager.class
org/mule/modules/smb/error/ErrorHandler.class
org/mule/modules/smb/generated/config/CopyFileDefinitionParser.class
org/mule/modules/smb/generated/devkit/SplashScreenAgent.class
org/mule/modules/smb/generated/processors/DeleteFileMessageProcessor.class
org/mule/modules/smb/generated/config/DeleteFileDefinitionParser.class
org/mule/modules/smb/generated/config/GetFilesDefinitionParser.class
org/mule/modules/smb/generated/processors/MoveFileMessageProcessorDebuggable.class
org/mule/modules/smb/generated/processors/CopyFileMessageProcessor.class
org/mule/modules/smb/generated/processors/DeleteFileMessageProcessor$1.class
org/mule/modules/smb/generated/processors/GetFilesMessageProcessorDebuggable.class
org/mule/modules/smb/generated/processors/ReadFileMessageProcessorDebuggable.class
org/mule/modules/smb/SmbConnector.class
org/mule/modules/smb/generated/adapters/SmbConnectorProcessAdapter$1.class
org/mule/tooling/ui/contribution/SmbActivator.class
org/mule/modules/smb/generated/agents/DefaultSplashScreenAgent.class
org/mule/modules/smb/generated/processors/MoveFileMessageProcessor$1.class
org/mule/modules/smb/generated/processors/GetFilesMessageProcessor.class
org/mule/modules/smb/generated/config/ReadFileDefinitionParser.class
