/Users/sameerpattni/AnypointStudio/workspace/samba-connector/target/generated-sources/mule/org/mule/modules/smb/generated/config/ReceiverDefinitionParser.java
/Users/sameerpattni/AnypointStudio/workspace/samba-connector/target/generated-sources/mule/org/mule/modules/smb/generated/config/MoveFileDefinitionParser.java
/Users/sameerpattni/AnypointStudio/workspace/samba-connector/target/generated-sources/mule/org/mule/modules/smb/generated/config/ReadFileDefinitionParser.java
/Users/sameerpattni/AnypointStudio/workspace/samba-connector/target/generated-sources/mule/org/mule/modules/smb/generated/processors/CopyFileMessageProcessor.java
/Users/sameerpattni/AnypointStudio/workspace/samba-connector/target/generated-sources/mule/org/mule/modules/smb/generated/sources/ReceiverMessageSource.java
/Users/sameerpattni/AnypointStudio/workspace/samba-connector/target/generated-sources/mule/org/mule/modules/smb/generated/processors/MoveFileMessageProcessorDebuggable.java
/Users/sameerpattni/AnypointStudio/workspace/samba-connector/target/generated-sources/mule/org/mule/modules/smb/generated/config/SmbConnectorConnectorConfigConfigDefinitionParser.java
/Users/sameerpattni/AnypointStudio/workspace/samba-connector/target/generated-sources/mule/org/mule/modules/smb/generated/processors/GetFilesMessageProcessor.java
/Users/sameerpattni/AnypointStudio/workspace/samba-connector/target/generated-sources/mule/org/mule/modules/smb/generated/config/DeleteFileDefinitionParser.java
/Users/sameerpattni/AnypointStudio/workspace/samba-connector/target/generated-sources/mule/org/mule/modules/smb/generated/processors/CopyFileMessageProcessorDebuggable.java
/Users/sameerpattni/AnypointStudio/workspace/samba-connector/target/generated-sources/mule/org/mule/modules/smb/generated/processors/DeleteFileMessageProcessorDebuggable.java
/Users/sameerpattni/AnypointStudio/workspace/samba-connector/target/generated-sources/mule/org/mule/modules/smb/generated/processors/ReadFileMessageProcessor.java
/Users/sameerpattni/AnypointStudio/workspace/samba-connector/target/generated-sources/mule/org/mule/modules/smb/generated/adapters/SmbConnectorCapabilitiesAdapter.java
/Users/sameerpattni/AnypointStudio/workspace/samba-connector/src/main/java/org/mule/modules/smb/config/ConnectorConfig.java
/Users/sameerpattni/AnypointStudio/workspace/samba-connector/target/generated-sources/mule/org/mule/modules/smb/generated/adapters/SmbConnectorProcessAdapter.java
/Users/sameerpattni/AnypointStudio/workspace/samba-connector/target/generated-sources/mule/org/mule/modules/smb/generated/processors/MoveFileMessageProcessor.java
/Users/sameerpattni/AnypointStudio/workspace/samba-connector/target/generated-sources/mule/org/mule/modules/smb/generated/processors/ReadFileMessageProcessorDebuggable.java
/Users/sameerpattni/AnypointStudio/workspace/samba-connector/src/main/java/org/mule/modules/smb/error/ErrorHandler.java
/Users/sameerpattni/AnypointStudio/workspace/samba-connector/target/generated-sources/mule/org/mule/modules/smb/generated/config/GetFilesDefinitionParser.java
/Users/sameerpattni/AnypointStudio/workspace/samba-connector/target/generated-sources/mule/org/mule/modules/smb/generated/adapter/PoolManager.java
/Users/sameerpattni/AnypointStudio/workspace/samba-connector/target/generated-sources/mule/org/mule/modules/smb/generated/config/SmbNamespaceHandler.java
/Users/sameerpattni/AnypointStudio/workspace/samba-connector/target/generated-sources/mule/org/mule/modules/smb/generated/processors/DeleteFileMessageProcessor.java
/Users/sameerpattni/AnypointStudio/workspace/samba-connector/src/main/java/org/mule/modules/smb/SmbConnector.java
/Users/sameerpattni/AnypointStudio/workspace/samba-connector/target/generated-sources/mule/org/mule/modules/smb/generated/adapters/SmbConnectorConnectorConfigBasicAdapter.java
/Users/sameerpattni/AnypointStudio/workspace/samba-connector/target/generated-sources/mule/org/mule/modules/smb/generated/adapters/SmbConnectorMetadataAdapter.java
/Users/sameerpattni/AnypointStudio/workspace/samba-connector/target/generated-sources/mule/org/mule/tooling/ui/contribution/SmbActivator.java
/Users/sameerpattni/AnypointStudio/workspace/samba-connector/target/generated-sources/mule/org/mule/modules/smb/generated/processors/GetFilesMessageProcessorDebuggable.java
/Users/sameerpattni/AnypointStudio/workspace/samba-connector/target/generated-sources/mule/org/mule/modules/smb/generated/adapters/SmbConnectorLifecycleInjectionAdapter.java
/Users/sameerpattni/AnypointStudio/workspace/samba-connector/target/generated-sources/mule/org/mule/modules/smb/generated/config/CopyFileDefinitionParser.java
/Users/sameerpattni/AnypointStudio/workspace/samba-connector/target/generated-sources/mule/org/mule/modules/smb/generated/devkit/SplashScreenAgent.java
/Users/sameerpattni/AnypointStudio/workspace/samba-connector/target/generated-sources/mule/org/mule/modules/smb/generated/agents/DefaultSplashScreenAgent.java
